Running test with user ogata
-- Generating ;/usr/local/repository/assignment-6-MatheusOgata/assignment-autotest/test/assignment1/Test_hello_Runner.c;/usr/local/repository/assignment-6-MatheusOgata/assignment-autotest/test/assignment1/Test_assignment_validate_Runner.c from test/assignment1/Test_hello.c;test/assignment1/Test_assignment_validate.c
-- Building executable including ;/usr/local/repository/assignment-6-MatheusOgata/assignment-autotest/test/assignment1/Test_hello_Runner.c;/usr/local/repository/assignment-6-MatheusOgata/assignment-autotest/test/assignment1/Test_assignment_validate_Runner.c test/assignment1/Test_hello.c;test/assignment1/Test_assignment_validate.c and ../examples/autotest-validate/autotest-validate.c
-- Configuring done
-- Generating done
-- Build files have been written to: /usr/local/repository/assignment-6-MatheusOgata/build
[ 10%] Building C object assignment-autotest/Unity/src/CMakeFiles/unity.dir/unity.c.o
[ 20%] Linking C static library libunity.a
[ 20%] Built target unity
[ 30%] Generating ../../assignment-autotest/test/assignment1/Test_hello_Runner.c, ../../assignment-autotest/test/assignment1/Test_assignment_validate_Runner.c, ../../assignment-autotest/test/unity_runner.c
Test files for auto dependency generation test/assignment1/Test_hello.c test/assignment1/Test_assignment_validate.c
Autogenerating runner for test/assignment1/Test_hello.c
Autogenerating runner for test/assignment1/Test_assignment_validate.c
Autogenerating test/unity_runner.c
[ 40%] Building C object assignment-autotest/CMakeFiles/assignment-autotest.dir/test/assignment1/Test_hello.c.o
[ 50%] Building C object assignment-autotest/CMakeFiles/assignment-autotest.dir/test/assignment1/Test_assignment_validate.c.o
[ 60%] Building C object assignment-autotest/CMakeFiles/assignment-autotest.dir/test/assignment1/Test_hello_Runner.c.o
[ 70%] Building C object assignment-autotest/CMakeFiles/assignment-autotest.dir/test/assignment1/Test_assignment_validate_Runner.c.o
[ 80%] Building C object assignment-autotest/CMakeFiles/assignment-autotest.dir/__/examples/autotest-validate/autotest-validate.c.o
[ 90%] Building C object assignment-autotest/CMakeFiles/assignment-autotest.dir/test/unity_runner.c.o
[100%] Linking C executable assignment-autotest
[100%] Built target assignment-autotest
/usr/local/repository/assignment-6-MatheusOgata/assignment-autotest/test/assignment1/Test_hello.c:6:test_hello:INFO: Hello!  Your unity setup is working!
/usr/local/repository/assignment-6-MatheusOgata/assignment-autotest/test/assignment1/Test_hello.c:4:test_hello:PASS

-----------------------
1 Tests 0 Failures 0 Ignored 
OK
/usr/local/repository/assignment-6-MatheusOgata/assignment-autotest/test/assignment1/Test_assignment_validate.c:9:test_assignment_validate:PASS

-----------------------
1 Tests 0 Failures 0 Ignored 
OK
Executing assignment test script
/usr/local/repository/assignment-6-MatheusOgata/assignment-autotest/test/assignment6 /usr/local/repository/assignment-6-MatheusOgata
/usr/local/repository/assignment-6-MatheusOgata/server /usr/local/repository/assignment-6-MatheusOgata/assignment-autotest/test/assignment6 /usr/local/repository/assignment-6-MatheusOgata
rm -rf *.o aesdsocket *.map
gcc    -c -o aesdsocket.o aesdsocket.c
gcc  -o aesdsocket aesdsocket.o -lpthread -Wl,-Map=mapfile.map
/usr/local/repository/assignment-6-MatheusOgata/assignment-autotest/test/assignment6 /usr/local/repository/assignment-6-MatheusOgata/server /usr/local/repository/assignment-6-MatheusOgata/assignment-autotest/test/assignment6 /usr/local/repository/assignment-6-MatheusOgata
Testing target localhost on port 9000
WARNING: tempfile is deprecated; consider using mktemp instead.
WARNING: tempfile is deprecated; consider using mktemp instead.
WARNING: tempfile is deprecated; consider using mktemp instead.
WARNING: tempfile is deprecated; consider using mktemp instead.
sending string abcdefg
WARNING: tempfile is deprecated; consider using mktemp instead.
WARNING: tempfile is deprecated; consider using mktemp instead.
WARNING: tempfile is deprecated; consider using mktemp instead.
sending string hijklmnop
WARNING: tempfile is deprecated; consider using mktemp instead.
WARNING: tempfile is deprecated; consider using mktemp instead.
WARNING: tempfile is deprecated; consider using mktemp instead.
sending string 1234567890
WARNING: tempfile is deprecated; consider using mktemp instead.
WARNING: tempfile is deprecated; consider using mktemp instead.
WARNING: tempfile is deprecated; consider using mktemp instead.
sending string 9876543210

Spawning three processes to ensure multithreaded writes work as expected
Process 1 writes One best book is equal to a hundred good friends, but one good friend is equal to a library
Process 2 writes If you want to shine like a sun, first burn like a sun
Process 3 writes Never stop fighting until you arrive at your destined place - that is, the unique you
Sending string If you want to shine like a sun, first burn like a sun from process 1: instance 1
Sending string If you want to shine like a sun, first burn like a sun from process 2: instance 1
Waiting for sends to compete on all processes
Sending string Never stop fighting until you arrive at your destined place - that is, the unique you from process 3: instance 1
Sending string If you want to shine like a sun, first burn like a sun from process 1: instance 2
Sending string If you want to shine like a sun, first burn like a sun from process 2: instance 2
Sending string Never stop fighting until you arrive at your destined place - that is, the unique you from process 3: instance 2
Sending string If you want to shine like a sun, first burn like a sun from process 1: instance 3
Sending string Never stop fighting until you arrive at your destined place - that is, the unique you from process 3: instance 3
Sending string If you want to shine like a sun, first burn like a sun from process 2: instance 3
Process 2 complete
Process 1 complete
Process 3 complete
WARNING: tempfile is deprecated; consider using mktemp instead.
multithreaded test complete with success

Testing the timer functionality
WARNING: tempfile is deprecated; consider using mktemp instead.
No of timestamps currently in server file: 2
No of timestamps expected after a delay of 21 seconds is 4
No of timestamps found in file: 5
Congrats! Tests completed with success
/usr/local/repository/assignment-6-MatheusOgata/server /usr/local/repository/assignment-6-MatheusOgata/assignment-autotest/test/assignment6 /usr/local/repository/assignment-6-MatheusOgata
/usr/local/repository/assignment-6-MatheusOgata/assignment-autotest/test/assignment6 /usr/local/repository/assignment-6-MatheusOgata
Waiting for aesdsocket application with pid 45257 to terminate
Re-running sockettest.sh with valgrind
/usr/local/repository/assignment-6-MatheusOgata/server /usr/local/repository/assignment-6-MatheusOgata/assignment-autotest/test/assignment6 /usr/local/repository/assignment-6-MatheusOgata
/usr/local/repository/assignment-6-MatheusOgata/assignment-autotest/test/assignment6 /usr/local/repository/assignment-6-MatheusOgata/server /usr/local/repository/assignment-6-MatheusOgata/assignment-autotest/test/assignment6 /usr/local/repository/assignment-6-MatheusOgata
Starting valgrind
Waiting for aesdsocket application to start
timestamp:wait-for-startup
Testing target localhost on port 9000
WARNING: tempfile is deprecated; consider using mktemp instead.
WARNING: tempfile is deprecated; consider using mktemp instead.
WARNING: tempfile is deprecated; consider using mktemp instead.
WARNING: tempfile is deprecated; consider using mktemp instead.
sending string abcdefg
WARNING: tempfile is deprecated; consider using mktemp instead.
WARNING: tempfile is deprecated; consider using mktemp instead.
WARNING: tempfile is deprecated; consider using mktemp instead.
sending string hijklmnop
WARNING: tempfile is deprecated; consider using mktemp instead.
WARNING: tempfile is deprecated; consider using mktemp instead.
WARNING: tempfile is deprecated; consider using mktemp instead.
sending string 1234567890
WARNING: tempfile is deprecated; consider using mktemp instead.
WARNING: tempfile is deprecated; consider using mktemp instead.
WARNING: tempfile is deprecated; consider using mktemp instead.
sending string 9876543210

Spawning three processes to ensure multithreaded writes work as expected
Process 1 writes One best book is equal to a hundred good friends, but one good friend is equal to a library
Process 2 writes If you want to shine like a sun, first burn like a sun
Process 3 writes Never stop fighting until you arrive at your destined place - that is, the unique you
Sending string If you want to shine like a sun, first burn like a sun from process 1: instance 1
Sending string If you want to shine like a sun, first burn like a sun from process 2: instance 1
Waiting for sends to compete on all processes
Sending string Never stop fighting until you arrive at your destined place - that is, the unique you from process 3: instance 1
Sending string If you want to shine like a sun, first burn like a sun from process 2: instance 2
Sending string Never stop fighting until you arrive at your destined place - that is, the unique you from process 3: instance 2
Sending string If you want to shine like a sun, first burn like a sun from process 1: instance 2
Sending string If you want to shine like a sun, first burn like a sun from process 1: instance 3
Sending string If you want to shine like a sun, first burn like a sun from process 2: instance 3
Sending string Never stop fighting until you arrive at your destined place - that is, the unique you from process 3: instance 3
Process 3 complete
Process 2 complete
Process 1 complete
WARNING: tempfile is deprecated; consider using mktemp instead.
multithreaded test complete with success

Testing the timer functionality
WARNING: tempfile is deprecated; consider using mktemp instead.
No of timestamps currently in server file: 3
No of timestamps expected after a delay of 21 seconds is 5
No of timestamps found in file: 5
Congrats! Tests completed with success
Stopping valgrind and aesdsocket process at pid 45487
Waiting for aesdsocket and valgrind to exit
Valgrind and aesdsocket complete
deleting marker file /tmp/tmp.fhLQVTxvQP
Test of assignment assignment6 complete with success
Running test with user ogata
-- The C compiler identification is GNU 11.4.0
-- The CXX compiler identification is GNU 11.4.0
-- Detecting C compiler ABI info
-- Detecting C compiler ABI info - done
-- Check for working C compiler: /usr/bin/cc - skipped
-- Detecting C compile features
-- Detecting C compile features - done
-- Detecting CXX compiler ABI info
-- Detecting CXX compiler ABI info - done
-- Check for working CXX compiler: /usr/bin/c++ - skipped
-- Detecting CXX compile features
-- Detecting CXX compile features - done
-- Generating ;/usr/local/repository/assignment-6-MatheusOgata/assignment-autotest/test/assignment1/Test_hello_Runner.c;/usr/local/repository/assignment-6-MatheusOgata/assignment-autotest/test/assignment1/Test_assignment_validate_Runner.c from test/assignment1/Test_hello.c;test/assignment1/Test_assignment_validate.c
-- Building executable including ;/usr/local/repository/assignment-6-MatheusOgata/assignment-autotest/test/assignment1/Test_hello_Runner.c;/usr/local/repository/assignment-6-MatheusOgata/assignment-autotest/test/assignment1/Test_assignment_validate_Runner.c test/assignment1/Test_hello.c;test/assignment1/Test_assignment_validate.c and ../examples/autotest-validate/autotest-validate.c
-- Configuring done
-- Generating done
-- Build files have been written to: /usr/local/repository/assignment-6-MatheusOgata/build
[ 10%] Building C object assignment-autotest/Unity/src/CMakeFiles/unity.dir/unity.c.o
[ 20%] Linking C static library libunity.a
[ 20%] Built target unity
[ 30%] Generating ../../assignment-autotest/test/assignment1/Test_hello_Runner.c, ../../assignment-autotest/test/assignment1/Test_assignment_validate_Runner.c, ../../assignment-autotest/test/unity_runner.c
Test files for auto dependency generation test/assignment1/Test_hello.c test/assignment1/Test_assignment_validate.c
Autogenerating runner for test/assignment1/Test_hello.c
Autogenerating runner for test/assignment1/Test_assignment_validate.c
Autogenerating test/unity_runner.c
[ 40%] Building C object assignment-autotest/CMakeFiles/assignment-autotest.dir/test/assignment1/Test_hello.c.o
[ 50%] Building C object assignment-autotest/CMakeFiles/assignment-autotest.dir/test/assignment1/Test_assignment_validate.c.o
[ 60%] Building C object assignment-autotest/CMakeFiles/assignment-autotest.dir/test/assignment1/Test_hello_Runner.c.o
[ 70%] Building C object assignment-autotest/CMakeFiles/assignment-autotest.dir/test/assignment1/Test_assignment_validate_Runner.c.o
[ 80%] Building C object assignment-autotest/CMakeFiles/assignment-autotest.dir/__/examples/autotest-validate/autotest-validate.c.o
[ 90%] Building C object assignment-autotest/CMakeFiles/assignment-autotest.dir/test/unity_runner.c.o
[100%] Linking C executable assignment-autotest
[100%] Built target assignment-autotest
/usr/local/repository/assignment-6-MatheusOgata/assignment-autotest/test/assignment1/Test_hello.c:6:test_hello:INFO: Hello!  Your unity setup is working!
/usr/local/repository/assignment-6-MatheusOgata/assignment-autotest/test/assignment1/Test_hello.c:4:test_hello:PASS

-----------------------
1 Tests 0 Failures 0 Ignored 
OK
/usr/local/repository/assignment-6-MatheusOgata/assignment-autotest/test/assignment1/Test_assignment_validate.c:9:test_assignment_validate:PASS

-----------------------
1 Tests 0 Failures 0 Ignored 
OK
Executing assignment test script
/usr/local/repository/assignment-6-MatheusOgata/assignment-autotest/test/assignment6 /usr/local/repository/assignment-6-MatheusOgata
/usr/local/repository/assignment-6-MatheusOgata/server /usr/local/repository/assignment-6-MatheusOgata/assignment-autotest/test/assignment6 /usr/local/repository/assignment-6-MatheusOgata
rm -rf *.o aesdsocket *.map
cc -g -Wall -Werror -I.   -c -o aesdsocket.o aesdsocket.c
cc -g -Wall -Werror -I. -o aesdsocket aesdsocket.o -lpthread -lrt -Wl,-Map=mapfile.map
/usr/local/repository/assignment-6-MatheusOgata/assignment-autotest/test/assignment6 /usr/local/repository/assignment-6-MatheusOgata/server /usr/local/repository/assignment-6-MatheusOgata/assignment-autotest/test/assignment6 /usr/local/repository/assignment-6-MatheusOgata
Testing target localhost on port 9000
WARNING: tempfile is deprecated; consider using mktemp instead.
WARNING: tempfile is deprecated; consider using mktemp instead.
WARNING: tempfile is deprecated; consider using mktemp instead.
WARNING: tempfile is deprecated; consider using mktemp instead.
sending string abcdefg
WARNING: tempfile is deprecated; consider using mktemp instead.
WARNING: tempfile is deprecated; consider using mktemp instead.
WARNING: tempfile is deprecated; consider using mktemp instead.
sending string hijklmnop
WARNING: tempfile is deprecated; consider using mktemp instead.
WARNING: tempfile is deprecated; consider using mktemp instead.
WARNING: tempfile is deprecated; consider using mktemp instead.
sending string 1234567890
WARNING: tempfile is deprecated; consider using mktemp instead.
WARNING: tempfile is deprecated; consider using mktemp instead.
WARNING: tempfile is deprecated; consider using mktemp instead.
sending string 9876543210

Spawning three processes to ensure multithreaded writes work as expected
Process 1 writes One best book is equal to a hundred good friends, but one good friend is equal to a library
Process 2 writes If you want to shine like a sun, first burn like a sun
Process 3 writes Never stop fighting until you arrive at your destined place - that is, the unique you
Sending string If you want to shine like a sun, first burn like a sun from process 1: instance 1
Sending string If you want to shine like a sun, first burn like a sun from process 2: instance 1
Waiting for sends to compete on all processes
Sending string Never stop fighting until you arrive at your destined place - that is, the unique you from process 3: instance 1
Sending string Never stop fighting until you arrive at your destined place - that is, the unique you from process 3: instance 2
Sending string If you want to shine like a sun, first burn like a sun from process 1: instance 2
Sending string If you want to shine like a sun, first burn like a sun from process 2: instance 2
Sending string If you want to shine like a sun, first burn like a sun from process 2: instance 3
Sending string Never stop fighting until you arrive at your destined place - that is, the unique you from process 3: instance 3
Sending string If you want to shine like a sun, first burn like a sun from process 1: instance 3
Process 2 complete
Process 3 complete
Process 1 complete
WARNING: tempfile is deprecated; consider using mktemp instead.
multithreaded test complete with success

Testing the timer functionality
WARNING: tempfile is deprecated; consider using mktemp instead.
No of timestamps currently in server file: 2
No of timestamps expected after a delay of 21 seconds is 4
No of timestamps found in file: 4
Congrats! Tests completed with success
/usr/local/repository/assignment-6-MatheusOgata/server /usr/local/repository/assignment-6-MatheusOgata/assignment-autotest/test/assignment6 /usr/local/repository/assignment-6-MatheusOgata
/usr/local/repository/assignment-6-MatheusOgata/assignment-autotest/test/assignment6 /usr/local/repository/assignment-6-MatheusOgata
Waiting for aesdsocket application with pid 5845 to terminate
Re-running sockettest.sh with valgrind
/usr/local/repository/assignment-6-MatheusOgata/server /usr/local/repository/assignment-6-MatheusOgata/assignment-autotest/test/assignment6 /usr/local/repository/assignment-6-MatheusOgata
/usr/local/repository/assignment-6-MatheusOgata/assignment-autotest/test/assignment6 /usr/local/repository/assignment-6-MatheusOgata/server /usr/local/repository/assignment-6-MatheusOgata/assignment-autotest/test/assignment6 /usr/local/repository/assignment-6-MatheusOgata
Starting valgrind
Waiting for aesdsocket application to start
timestamp:wait-for-startup
Testing target localhost on port 9000
WARNING: tempfile is deprecated; consider using mktemp instead.
WARNING: tempfile is deprecated; consider using mktemp instead.
WARNING: tempfile is deprecated; consider using mktemp instead.
WARNING: tempfile is deprecated; consider using mktemp instead.
sending string abcdefg
WARNING: tempfile is deprecated; consider using mktemp instead.
WARNING: tempfile is deprecated; consider using mktemp instead.
WARNING: tempfile is deprecated; consider using mktemp instead.
sending string hijklmnop
WARNING: tempfile is deprecated; consider using mktemp instead.
WARNING: tempfile is deprecated; consider using mktemp instead.
WARNING: tempfile is deprecated; consider using mktemp instead.
sending string 1234567890
WARNING: tempfile is deprecated; consider using mktemp instead.
WARNING: tempfile is deprecated; consider using mktemp instead.
WARNING: tempfile is deprecated; consider using mktemp instead.
sending string 9876543210

Spawning three processes to ensure multithreaded writes work as expected
Process 1 writes One best book is equal to a hundred good friends, but one good friend is equal to a library
Process 2 writes If you want to shine like a sun, first burn like a sun
Process 3 writes Never stop fighting until you arrive at your destined place - that is, the unique you
Sending string If you want to shine like a sun, first burn like a sun from process 1: instance 1
Sending string If you want to shine like a sun, first burn like a sun from process 2: instance 1
Waiting for sends to compete on all processes
Sending string Never stop fighting until you arrive at your destined place - that is, the unique you from process 3: instance 1
Sending string If you want to shine like a sun, first burn like a sun from process 1: instance 2
Sending string Never stop fighting until you arrive at your destined place - that is, the unique you from process 3: instance 2
Sending string If you want to shine like a sun, first burn like a sun from process 2: instance 2
Sending string Never stop fighting until you arrive at your destined place - that is, the unique you from process 3: instance 3
Sending string If you want to shine like a sun, first burn like a sun from process 2: instance 3
Sending string If you want to shine like a sun, first burn like a sun from process 1: instance 3
Process 3 complete
Process 2 complete
Process 1 complete
WARNING: tempfile is deprecated; consider using mktemp instead.
multithreaded test complete with success

Testing the timer functionality
WARNING: tempfile is deprecated; consider using mktemp instead.
No of timestamps currently in server file: 3
No of timestamps expected after a delay of 21 seconds is 5
No of timestamps found in file: 5
Congrats! Tests completed with success
Stopping valgrind and aesdsocket process at pid 5976
Waiting for aesdsocket and valgrind to exit
Valgrind and aesdsocket complete
deleting marker file /tmp/tmp.1W835cXD4q
Test of assignment assignment6 complete with success
Running test with user ogata
-- Generating ;/usr/local/repository/assignment-6-MatheusOgata/assignment-autotest/test/assignment1/Test_hello_Runner.c;/usr/local/repository/assignment-6-MatheusOgata/assignment-autotest/test/assignment1/Test_assignment_validate_Runner.c from test/assignment1/Test_hello.c;test/assignment1/Test_assignment_validate.c
-- Building executable including ;/usr/local/repository/assignment-6-MatheusOgata/assignment-autotest/test/assignment1/Test_hello_Runner.c;/usr/local/repository/assignment-6-MatheusOgata/assignment-autotest/test/assignment1/Test_assignment_validate_Runner.c test/assignment1/Test_hello.c;test/assignment1/Test_assignment_validate.c and ../examples/autotest-validate/autotest-validate.c
-- Configuring done
-- Generating done
-- Build files have been written to: /usr/local/repository/assignment-6-MatheusOgata/build
[ 10%] Building C object assignment-autotest/Unity/src/CMakeFiles/unity.dir/unity.c.o
[ 20%] Linking C static library libunity.a
[ 20%] Built target unity
[ 30%] Generating ../../assignment-autotest/test/assignment1/Test_hello_Runner.c, ../../assignment-autotest/test/assignment1/Test_assignment_validate_Runner.c, ../../assignment-autotest/test/unity_runner.c
Test files for auto dependency generation test/assignment1/Test_hello.c test/assignment1/Test_assignment_validate.c
Autogenerating runner for test/assignment1/Test_hello.c
Autogenerating runner for test/assignment1/Test_assignment_validate.c
Autogenerating test/unity_runner.c
[ 40%] Building C object assignment-autotest/CMakeFiles/assignment-autotest.dir/test/assignment1/Test_hello.c.o
[ 50%] Building C object assignment-autotest/CMakeFiles/assignment-autotest.dir/test/assignment1/Test_assignment_validate.c.o
[ 60%] Building C object assignment-autotest/CMakeFiles/assignment-autotest.dir/test/assignment1/Test_hello_Runner.c.o
[ 70%] Building C object assignment-autotest/CMakeFiles/assignment-autotest.dir/test/assignment1/Test_assignment_validate_Runner.c.o
[ 80%] Building C object assignment-autotest/CMakeFiles/assignment-autotest.dir/__/examples/autotest-validate/autotest-validate.c.o
[ 90%] Building C object assignment-autotest/CMakeFiles/assignment-autotest.dir/test/unity_runner.c.o
[100%] Linking C executable assignment-autotest
[100%] Built target assignment-autotest
/usr/local/repository/assignment-6-MatheusOgata/assignment-autotest/test/assignment1/Test_hello.c:6:test_hello:INFO: Hello!  Your unity setup is working!
/usr/local/repository/assignment-6-MatheusOgata/assignment-autotest/test/assignment1/Test_hello.c:4:test_hello:PASS

-----------------------
1 Tests 0 Failures 0 Ignored 
OK
/usr/local/repository/assignment-6-MatheusOgata/assignment-autotest/test/assignment1/Test_assignment_validate.c:9:test_assignment_validate:PASS

-----------------------
1 Tests 0 Failures 0 Ignored 
OK
Executing assignment test script
/usr/local/repository/assignment-6-MatheusOgata/assignment-autotest/test/assignment6 /usr/local/repository/assignment-6-MatheusOgata
/usr/local/repository/assignment-6-MatheusOgata/server /usr/local/repository/assignment-6-MatheusOgata/assignment-autotest/test/assignment6 /usr/local/repository/assignment-6-MatheusOgata
rm -rf *.o aesdsocket *.map
cc -g -Wall -Werror -I.   -c -o aesdsocket.o aesdsocket.c
cc -g -Wall -Werror -I. -o aesdsocket aesdsocket.o -lpthread -lrt -Wl,-Map=mapfile.map
/usr/local/repository/assignment-6-MatheusOgata/assignment-autotest/test/assignment6 /usr/local/repository/assignment-6-MatheusOgata/server /usr/local/repository/assignment-6-MatheusOgata/assignment-autotest/test/assignment6 /usr/local/repository/assignment-6-MatheusOgata
Testing target localhost on port 9000
WARNING: tempfile is deprecated; consider using mktemp instead.
WARNING: tempfile is deprecated; consider using mktemp instead.
WARNING: tempfile is deprecated; consider using mktemp instead.
WARNING: tempfile is deprecated; consider using mktemp instead.
sending string abcdefg
WARNING: tempfile is deprecated; consider using mktemp instead.
WARNING: tempfile is deprecated; consider using mktemp instead.
WARNING: tempfile is deprecated; consider using mktemp instead.
sending string hijklmnop
WARNING: tempfile is deprecated; consider using mktemp instead.
WARNING: tempfile is deprecated; consider using mktemp instead.
WARNING: tempfile is deprecated; consider using mktemp instead.
sending string 1234567890
WARNING: tempfile is deprecated; consider using mktemp instead.
WARNING: tempfile is deprecated; consider using mktemp instead.
WARNING: tempfile is deprecated; consider using mktemp instead.
sending string 9876543210

Spawning three processes to ensure multithreaded writes work as expected
Process 1 writes One best book is equal to a hundred good friends, but one good friend is equal to a library
Process 2 writes If you want to shine like a sun, first burn like a sun
Process 3 writes Never stop fighting until you arrive at your destined place - that is, the unique you
Sending string If you want to shine like a sun, first burn like a sun from process 1: instance 1
Sending string If you want to shine like a sun, first burn like a sun from process 2: instance 1
Waiting for sends to compete on all processes
Sending string Never stop fighting until you arrive at your destined place - that is, the unique you from process 3: instance 1
Sending string If you want to shine like a sun, first burn like a sun from process 1: instance 2
Sending string If you want to shine like a sun, first burn like a sun from process 2: instance 2
Sending string Never stop fighting until you arrive at your destined place - that is, the unique you from process 3: instance 2
Sending string If you want to shine like a sun, first burn like a sun from process 2: instance 3
Sending string If you want to shine like a sun, first burn like a sun from process 1: instance 3
Sending string Never stop fighting until you arrive at your destined place - that is, the unique you from process 3: instance 3
Process 1 complete
Process 2 complete
Process 3 complete
WARNING: tempfile is deprecated; consider using mktemp instead.
multithreaded test complete with success

Testing the timer functionality
WARNING: tempfile is deprecated; consider using mktemp instead.
No of timestamps currently in server file: 2
No of timestamps expected after a delay of 21 seconds is 4
No of timestamps found in file: 4
Congrats! Tests completed with success
/usr/local/repository/assignment-6-MatheusOgata/server /usr/local/repository/assignment-6-MatheusOgata/assignment-autotest/test/assignment6 /usr/local/repository/assignment-6-MatheusOgata
/usr/local/repository/assignment-6-MatheusOgata/assignment-autotest/test/assignment6 /usr/local/repository/assignment-6-MatheusOgata
Waiting for aesdsocket application with pid 6283 to terminate
Re-running sockettest.sh with valgrind
/usr/local/repository/assignment-6-MatheusOgata/server /usr/local/repository/assignment-6-MatheusOgata/assignment-autotest/test/assignment6 /usr/local/repository/assignment-6-MatheusOgata
/usr/local/repository/assignment-6-MatheusOgata/assignment-autotest/test/assignment6 /usr/local/repository/assignment-6-MatheusOgata/server /usr/local/repository/assignment-6-MatheusOgata/assignment-autotest/test/assignment6 /usr/local/repository/assignment-6-MatheusOgata
Starting valgrind
Waiting for aesdsocket application to start
timestamp:wait-for-startup
Testing target localhost on port 9000
WARNING: tempfile is deprecated; consider using mktemp instead.
WARNING: tempfile is deprecated; consider using mktemp instead.
WARNING: tempfile is deprecated; consider using mktemp instead.
WARNING: tempfile is deprecated; consider using mktemp instead.
sending string abcdefg
WARNING: tempfile is deprecated; consider using mktemp instead.
WARNING: tempfile is deprecated; consider using mktemp instead.
WARNING: tempfile is deprecated; consider using mktemp instead.
sending string hijklmnop
WARNING: tempfile is deprecated; consider using mktemp instead.
WARNING: tempfile is deprecated; consider using mktemp instead.
WARNING: tempfile is deprecated; consider using mktemp instead.
sending string 1234567890
WARNING: tempfile is deprecated; consider using mktemp instead.
WARNING: tempfile is deprecated; consider using mktemp instead.
WARNING: tempfile is deprecated; consider using mktemp instead.
sending string 9876543210

Spawning three processes to ensure multithreaded writes work as expected
Process 1 writes One best book is equal to a hundred good friends, but one good friend is equal to a library
Process 2 writes If you want to shine like a sun, first burn like a sun
Process 3 writes Never stop fighting until you arrive at your destined place - that is, the unique you
Sending string If you want to shine like a sun, first burn like a sun from process 1: instance 1
Sending string If you want to shine like a sun, first burn like a sun from process 2: instance 1
Waiting for sends to compete on all processes
Sending string Never stop fighting until you arrive at your destined place - that is, the unique you from process 3: instance 1
Sending string If you want to shine like a sun, first burn like a sun from process 2: instance 2
Sending string If you want to shine like a sun, first burn like a sun from process 1: instance 2
Sending string Never stop fighting until you arrive at your destined place - that is, the unique you from process 3: instance 2
Sending string If you want to shine like a sun, first burn like a sun from process 2: instance 3
Sending string If you want to shine like a sun, first burn like a sun from process 1: instance 3
Sending string Never stop fighting until you arrive at your destined place - that is, the unique you from process 3: instance 3
Process 2 complete
Process 1 complete
Process 3 complete
WARNING: tempfile is deprecated; consider using mktemp instead.
multithreaded test complete with success

Testing the timer functionality
WARNING: tempfile is deprecated; consider using mktemp instead.
No of timestamps currently in server file: 3
No of timestamps expected after a delay of 21 seconds is 5
No of timestamps found in file: 5
Congrats! Tests completed with success
Stopping valgrind and aesdsocket process at pid 6415
Waiting for aesdsocket and valgrind to exit
Valgrind and aesdsocket complete
deleting marker file /tmp/tmp.l66oVKR4Us
Test of assignment assignment6 complete with success
Running test with user ogata
Executing assignment test script
starting test with SKIP_BUILD  and DO_VALIDATE 
/usr/local/repository/assignment-6-MatheusOgata /usr/local/repository/assignment-6-MatheusOgata/assignment-autotest/test/assignment6-yocto
Private key is not set, attempts to clone may fail
Or CI environment may have setup SSH authentication already...
Running as:
ogata
# github.com:22 SSH-2.0-babeld-6b2a8a7e
# github.com:22 SSH-2.0-babeld-6b2a8a7e
# github.com:22 SSH-2.0-babeld-6b2a8a7e
# github.com:22 SSH-2.0-babeld-6b2a8a7e
# github.com:22 SSH-2.0-babeld-6b2a8a7e
Added known host github.com:
Running build.sh
Synchronizing submodule url for 'poky'

### Shell environment set up for builds. ###

You can now run 'bitbake <target>'

Common targets are:
    core-image-minimal
    core-image-full-cmdline
    core-image-sato
    core-image-weston
    meta-toolchain
    meta-ide-support

You can also run generated qemu images with a command like 'runqemu qemux86'

Other commonly useful commands are:
 - 'devtool' and 'recipetool' handle common recipe tasks
 - 'bitbake-layers' handles common layer tasks
 - 'oe-pkgdata-util' handles common target package tasks
MACHINE = "qemuarm64" already exists in the local.conf file
meta-aesd layer already exists
Loading cache...done.
Loaded 1646 entries from dependency cache.
Parsing recipes...done.
Parsing of 885 .bb files complete (884 cached, 1 parsed). 1646 targets, 56 skipped, 0 masked, 0 errors.
NOTE: Resolving any missing task queue dependencies

Build Configuration:
BB_VERSION           = "2.0.0"
BUILD_SYS            = "x86_64-linux"
NATIVELSBSTRING      = "universal"
TARGET_SYS           = "aarch64-poky-linux"
MACHINE              = "qemuarm64"
DISTRO               = "poky"
DISTRO_VERSION       = "4.0.18"
TUNE_FEATURES        = "aarch64 armv8a crc cortexa57"
TARGET_FPU           = ""
meta                 
meta-poky            
meta-yocto-bsp       = "kirkstone:31751bba1c789f15f574773a659b8017d7bcf440"
meta-aesd            = "main:33e98e24989752be47a941aa0f9b8ae5e4c4510d"

Initialising tasks...done.
Sstate summary: Wanted 0 Local 0 Mirrors 0 Missed 0 Current 1572 (0% match, 100% complete)
NOTE: Executing Tasks
NOTE: Tasks Summary: Attempted 3958 tasks of which 3958 didn't need to be rerun and all succeeded.
/usr/local/repository/assignment-6-MatheusOgata/assignment-autotest/test/assignment6-yocto
Starting validation step
/usr/local/repository/assignment-6-MatheusOgata /usr/local/repository/assignment-6-MatheusOgata/assignment-autotest/test/assignment6-yocto
Executing runqemu.sh in background
# Host [localhost]:10022 found: line 24
/home/ogata/.ssh/known_hosts updated.
Original contents retained as /home/ogata/.ssh/known_hosts.old
Waiting for qemu to startup

### Shell environment set up for builds. ###

You can now run 'bitbake <target>'

Common targets are:
    core-image-minimal
    core-image-full-cmdline
    core-image-sato
    core-image-weston
    meta-toolchain
    meta-ide-support

You can also run generated qemu images with a command like 'runqemu qemux86'

Other commonly useful commands are:
 - 'devtool' and 'recipetool' handle common recipe tasks
 - 'bitbake-layers' handles common layer tasks
 - 'oe-pkgdata-util' handles common target package tasks
runqemu - INFO - Running bitbake -e ...
runqemu - INFO - Continuing with the following parameters:
KERNEL: [/usr/local/repository/assignment-6-MatheusOgata/build/tmp/deploy/images/qemuarm64/Image]
MACHINE: [qemuarm64]
FSTYPE: [ext4]
ROOTFS: [/usr/local/repository/assignment-6-MatheusOgata/build/tmp/deploy/images/qemuarm64/core-image-aesd-qemuarm64-20240430004610.rootfs.ext4]
CONFFILE: [/usr/local/repository/assignment-6-MatheusOgata/build/tmp/deploy/images/qemuarm64/core-image-aesd-qemuarm64-20240430004610.qemuboot.conf]

runqemu - INFO - Network configuration: ip=dhcp
runqemu - INFO - Port forward: hostfwd=tcp::10022-:22 hostfwd=tcp::9000-:9000
runqemu - INFO - Running /usr/local/repository/assignment-6-MatheusOgata/build/tmp/work/x86_64-linux/qemu-helper-native/1.0-r1/recipe-sysroot-native/usr/bin/qemu-system-aarch64 -device virtio-net-pci,netdev=net0,mac=52:54:00:12:35:02 -netdev user,id=net0,hostfwd=tcp::10022-:22,hostfwd=tcp::9000-:9000 -object rng-random,filename=/dev/urandom,id=rng0 -device virtio-rng-pci,rng=rng0 -drive id=disk0,file=/usr/local/repository/assignment-6-MatheusOgata/build/tmp/deploy/images/qemuarm64/core-image-aesd-qemuarm64-20240430004610.rootfs.ext4,if=none,format=raw -device virtio-blk-pci,drive=disk0 -device qemu-xhci -device usb-tablet -device usb-kbd  -machine virt -cpu cortex-a57 -smp 4 -m 256 -serial mon:stdio -serial null -nographic -device virtio-gpu-pci -kernel /usr/local/repository/assignment-6-MatheusOgata/build/tmp/deploy/images/qemuarm64/Image -append 'root=/dev/vda rw  mem=256M ip=dhcp console=ttyAMA0 console=hvc0  '

runqemu - INFO - Host uptime: 7925.56

[    0.000000] Booting Linux on physical CPU 0x0000000000 [0x411fd070]
[    0.000000] Linux version 5.15.150-yocto-standard (oe-user@oe-host) (aarch64-poky-linux-gcc (GCC) 11.4.0, GNU ld (GNU Binutils) 2.38.20220708) #1 SMP PREEMPT Mon Mar 11 14:55:06 UTC 2024
[    0.000000] Machine model: linux,dummy-virt
[    0.000000] Memory limited to 256MB
[    0.000000] efi: UEFI not found.
[    0.000000] Zone ranges:
[    0.000000]   DMA      [mem 0x0000000040000000-0x000000004fffffff]
[    0.000000]   DMA32    empty
[    0.000000]   Normal   empty
[    0.000000] Movable zone start for each node
[    0.000000] Early memory node ranges
[    0.000000]   node   0: [mem 0x0000000040000000-0x000000004fffffff]
[    0.000000] Initmem setup node 0 [mem 0x0000000040000000-0x000000004fffffff]
[    0.000000] psci: probing for conduit method from DT.
[    0.000000] psci: PSCIv0.2 detected in firmware.
[    0.000000] psci: Using standard PSCI v0.2 function IDs
[    0.000000] psci: Trusted OS migration not required
[    0.000000] percpu: Embedded 27 pages/cpu s70168 r8192 d32232 u110592
[    0.000000] Detected PIPT I-cache on CPU0
[    0.000000] CPU features: detected: Spectre-v2
[    0.000000] CPU features: detected: Spectre-v4
[    0.000000] CPU features: detected: Spectre-BHB
[    0.000000] CPU features: detected: ARM erratum 1742098
[    0.000000] CPU features: detected: ARM erratum 832075
[    0.000000] CPU features: detected: ARM errata 1165522, 1319367, or 1530923
[    0.000000] Built 1 zonelists, mobility grouping on.  Total pages: 64512
[    0.000000] Kernel command line: root=/dev/vda rw  mem=256M ip=dhcp console=ttyAMA0 console=hvc0  
[    0.000000] Dentry cache hash table entries: 32768 (order: 6, 262144 bytes, linear)
[    0.000000] Inode-cache hash table entries: 16384 (order: 5, 131072 bytes, linear)
[    0.000000] mem auto-init: stack:off, heap alloc:off, heap free:off
[    0.000000] Memory: 232924K/262144K available (11648K kernel code, 1856K rwdata, 2708K rodata, 3648K init, 683K bss, 29220K reserved, 0K cma-reserved)
[    0.000000] SLUB: HWalign=64, Order=0-3, MinObjects=0, CPUs=4, Nodes=1
[    0.000000] ftrace: allocating 36021 entries in 141 pages
[    0.000000] ftrace: allocated 141 pages with 4 groups
[    0.000000] trace event string verifier disabled
[    0.000000] rcu: Preemptible hierarchical RCU implementation.
[    0.000000] rcu: 	RCU restricting CPUs from NR_CPUS=256 to nr_cpu_ids=4.
[    0.000000] 	Trampoline variant of Tasks RCU enabled.
[    0.000000] 	Rude variant of Tasks RCU enabled.
[    0.000000] 	Tracing variant of Tasks RCU enabled.
[    0.000000] rcu: RCU calculated value of scheduler-enlistment delay is 25 jiffies.
[    0.000000] rcu: Adjusting geometry for rcu_fanout_leaf=16, nr_cpu_ids=4
[    0.000000] NR_IRQS: 64, nr_irqs: 64, preallocated irqs: 0
[    0.000000] Root IRQ handler: gic_handle_irq
[    0.000000] GICv2m: range[mem 0x08020000-0x08020fff], SPI[80:143]
[    0.000000] kfence: initialized - using 2097152 bytes for 255 objects at 0x(____ptrval____)-0x(____ptrval____)
[    0.000000] arch_timer: cp15 timer(s) running at 62.50MHz (virt).
[    0.000000] clocksource: arch_sys_counter: mask: 0xffffffffffffff max_cycles: 0x1cd42e208c, max_idle_ns: 881590405314 ns
[    0.000080] sched_clock: 56 bits at 62MHz, resolution 16ns, wraps every 4398046511096ns
[    0.009002] Console: colour dummy device 80x25
[    0.010137] Calibrating delay loop (skipped), value calculated using timer frequency.. 125.00 BogoMIPS (lpj=250000)
[    0.010298] pid_max: default: 32768 minimum: 301
[    0.011195] LSM: Security Framework initializing
[    0.011990] landlock: Up and running.
[    0.013777] Mount-cache hash table entries: 512 (order: 0, 4096 bytes, linear)
[    0.013813] Mountpoint-cache hash table entries: 512 (order: 0, 4096 bytes, linear)
[    0.037452] /cpus/cpu-map: empty cluster
[    0.046032] rcu: Hierarchical SRCU implementation.
[    0.049029] EFI services will not be available.
[    0.049955] smp: Bringing up secondary CPUs ...
[    0.054404] Detected PIPT I-cache on CPU1
[    0.055576] CPU1: Booted secondary processor 0x0000000001 [0x411fd070]
[    0.060208] Detected PIPT I-cache on CPU2
[    0.060338] CPU2: Booted secondary processor 0x0000000002 [0x411fd070]
[    0.062849] Detected PIPT I-cache on CPU3
[    0.062990] CPU3: Booted secondary processor 0x0000000003 [0x411fd070]
[    0.063443] smp: Brought up 1 node, 4 CPUs
[    0.063497] SMP: Total of 4 processors activated.
[    0.063556] CPU features: detected: 32-bit EL0 Support
[    0.063639] CPU features: detected: CRC32 instructions
[    0.065671] CPU: All CPU(s) started at EL1
[    0.066052] alternatives: patching kernel code
[    0.084332] devtmpfs: initialized
[    0.092601] clocksource: jiffies: mask: 0xffffffff max_cycles: 0xffffffff, max_idle_ns: 7645041785100000 ns
[    0.092844] futex hash table entries: 1024 (order: 4, 65536 bytes, linear)
[    0.096814] DMI not present or invalid.
[    0.105194] NET: Registered PF_NETLINK/PF_ROUTE protocol family
[    0.108934] DMA: preallocated 128 KiB GFP_KERNEL pool for atomic allocations
[    0.109189] DMA: preallocated 128 KiB GFP_KERNEL|GFP_DMA pool for atomic allocations
[    0.109367] DMA: preallocated 128 KiB GFP_KERNEL|GFP_DMA32 pool for atomic allocations
[    0.113145] hw-breakpoint: found 6 breakpoint and 4 watchpoint registers.
[    0.114033] ASID allocator initialised with 65536 entries
[    0.114238] Serial: AMBA PL011 UART driver
[    0.136914] 9000000.pl011: ttyAMA0 at MMIO 0x9000000 (irq = 47, base_baud = 0) is a PL011 rev1
[    0.145637] printk: console [ttyAMA0] enabled
[    0.252862] raid6: neonx8   gen()  2410 MB/s
[    0.322003] raid6: neonx8   xor()   932 MB/s
[    0.391227] raid6: neonx4   gen()  2450 MB/s
[    0.460983] raid6: neonx4   xor()   979 MB/s
[    0.530721] raid6: neonx2   gen()  1968 MB/s
[    0.600344] raid6: neonx2   xor()   923 MB/s
[    0.669489] raid6: neonx1   gen()  1274 MB/s
[    0.738848] raid6: neonx1   xor()   651 MB/s
[    0.808624] raid6: int64x8  gen()  1294 MB/s
[    0.878211] raid6: int64x8  xor()  1055 MB/s
[    0.947658] raid6: int64x4  gen()  2114 MB/s
[    1.017256] raid6: int64x4  xor()  1336 MB/s
[    1.087183] raid6: int64x2  gen()  1829 MB/s
[    1.156998] raid6: int64x2  xor()  1049 MB/s
[    1.226590] raid6: int64x1  gen()  1373 MB/s
[    1.295874] raid6: int64x1  xor()   764 MB/s
[    1.296010] raid6: using algorithm neonx4 gen() 2450 MB/s
[    1.296113] raid6: .... xor() 979 MB/s, rmw enabled
[    1.296302] raid6: using neon recovery algorithm
[    1.297589] iommu: Default domain type: Translated 
[    1.297701] iommu: DMA domain TLB invalidation policy: strict mode 
[    1.298662] vgaarb: loaded
[    1.300096] SCSI subsystem initialized
[    1.300735] usbcore: registered new interface driver usbfs
[    1.301073] usbcore: registered new interface driver hub
[    1.301321] usbcore: registered new device driver usb
[    1.301801] pps_core: LinuxPPS API ver. 1 registered
[    1.301891] pps_core: Software ver. 5.3.6 - Copyright 2005-2007 Rodolfo Giometti <giometti@linux.it>
[    1.302109] PTP clock support registered
[    1.313931] clocksource: Switched to clocksource arch_sys_counter
[    1.462690] NET: Registered PF_INET protocol family
[    1.464170] IP idents hash table entries: 4096 (order: 3, 32768 bytes, linear)
[    1.472282] tcp_listen_portaddr_hash hash table entries: 256 (order: 0, 4096 bytes, linear)
[    1.472536] Table-perturb hash table entries: 65536 (order: 6, 262144 bytes, linear)
[    1.472706] TCP established hash table entries: 2048 (order: 2, 16384 bytes, linear)
[    1.472985] TCP bind hash table entries: 2048 (order: 3, 32768 bytes, linear)
[    1.473207] TCP: Hash tables configured (established 2048 bind 2048)
[    1.474565] UDP hash table entries: 256 (order: 1, 8192 bytes, linear)
[    1.474877] UDP-Lite hash table entries: 256 (order: 1, 8192 bytes, linear)
[    1.476557] NET: Registered PF_UNIX/PF_LOCAL protocol family
[    1.480259] RPC: Registered named UNIX socket transport module.
[    1.480403] RPC: Registered udp transport module.
[    1.480490] RPC: Registered tcp transport module.
[    1.480565] RPC: Registered tcp NFSv4.1 backchannel transport module.
[    1.480827] PCI: CLS 0 bytes, default 64
[    1.488817] hw perfevents: enabled with armv8_pmuv3 PMU driver, 5 counters available
[    1.843485] workingset: timestamp_bits=46 max_order=16 bucket_order=0
[    1.858537] NFS: Registering the id_resolver key type
[    1.859704] Key type id_resolver registered
[    1.859825] Key type id_legacy registered
[    1.863044] Key type cifs.idmap registered
[    1.903033] xor: measuring software checksum speed
[    1.907130]    8regs           :  2709 MB/sec
[    1.911299]    32regs          :  2570 MB/sec
[    1.917207]    arm64_neon      :  2012 MB/sec
[    1.917379] xor: using function: 8regs (2709 MB/sec)
[    1.918024] Block layer SCSI generic (bsg) driver version 0.4 loaded (major 250)
[    1.918327] io scheduler mq-deadline registered
[    1.918493] io scheduler kyber registered
[    1.921625] pci-host-generic 4010000000.pcie: host bridge /pcie@10000000 ranges:
[    1.922888] pci-host-generic 4010000000.pcie:       IO 0x003eff0000..0x003effffff -> 0x0000000000
[    1.923570] pci-host-generic 4010000000.pcie:      MEM 0x0010000000..0x003efeffff -> 0x0010000000
[    1.923840] pci-host-generic 4010000000.pcie:      MEM 0x8000000000..0xffffffffff -> 0x8000000000
[    1.924553] pci-host-generic 4010000000.pcie: Memory resource size exceeds max for 32 bits
[    1.925274] pci-host-generic 4010000000.pcie: ECAM at [mem 0x4010000000-0x401fffffff] for [bus 00-ff]
[    1.926661] pci-host-generic 4010000000.pcie: PCI host bridge to bus 0000:00
[    1.926969] pci_bus 0000:00: root bus resource [bus 00-ff]
[    1.927200] pci_bus 0000:00: root bus resource [io  0x0000-0xffff]
[    1.927425] pci_bus 0000:00: root bus resource [mem 0x10000000-0x3efeffff]
[    1.927609] pci_bus 0000:00: root bus resource [mem 0x8000000000-0xffffffffff]
[    1.929161] pci 0000:00:00.0: [1b36:0008] type 00 class 0x060000
[    1.934916] pci 0000:00:01.0: [1af4:1000] type 00 class 0x020000
[    1.935311] pci 0000:00:01.0: reg 0x10: [io  0x0000-0x001f]
[    1.935511] pci 0000:00:01.0: reg 0x14: [mem 0x00000000-0x00000fff]
[    1.935771] pci 0000:00:01.0: reg 0x20: [mem 0x00000000-0x00003fff 64bit pref]
[    1.936077] pci 0000:00:01.0: reg 0x30: [mem 0x00000000-0x0003ffff pref]
[    1.936705] pci 0000:00:02.0: [1af4:1005] type 00 class 0x00ff00
[    1.936844] pci 0000:00:02.0: reg 0x10: [io  0x0000-0x001f]
[    1.936977] pci 0000:00:02.0: reg 0x20: [mem 0x00000000-0x00003fff 64bit pref]
[    1.937418] pci 0000:00:03.0: [1af4:1001] type 00 class 0x010000
[    1.937551] pci 0000:00:03.0: reg 0x10: [io  0x0000-0x007f]
[    1.937682] pci 0000:00:03.0: reg 0x14: [mem 0x00000000-0x00000fff]
[    1.938084] pci 0000:00:03.0: reg 0x20: [mem 0x00000000-0x00003fff 64bit pref]
[    1.938978] pci 0000:00:04.0: [1b36:000d] type 00 class 0x0c0330
[    1.939180] pci 0000:00:04.0: reg 0x10: [mem 0x00000000-0x00003fff 64bit]
[    1.940476] pci 0000:00:05.0: [1af4:1050] type 00 class 0x038000
[    1.940672] pci 0000:00:05.0: reg 0x14: [mem 0x00000000-0x00000fff]
[    1.940862] pci 0000:00:05.0: reg 0x20: [mem 0x00000000-0x00003fff 64bit pref]
[    1.944907] pci 0000:00:01.0: BAR 6: assigned [mem 0x10000000-0x1003ffff pref]
[    1.945394] pci 0000:00:01.0: BAR 4: assigned [mem 0x8000000000-0x8000003fff 64bit pref]
[    1.945659] pci 0000:00:02.0: BAR 4: assigned [mem 0x8000004000-0x8000007fff 64bit pref]
[    1.946054] pci 0000:00:03.0: BAR 4: assigned [mem 0x8000008000-0x800000bfff 64bit pref]
[    1.946270] pci 0000:00:04.0: BAR 0: assigned [mem 0x800000c000-0x800000ffff 64bit]
[    1.946520] pci 0000:00:05.0: BAR 4: assigned [mem 0x8000010000-0x8000013fff 64bit pref]
[    1.946729] pci 0000:00:01.0: BAR 1: assigned [mem 0x10040000-0x10040fff]
[    1.946897] pci 0000:00:03.0: BAR 1: assigned [mem 0x10041000-0x10041fff]
[    1.947061] pci 0000:00:05.0: BAR 1: assigned [mem 0x10042000-0x10042fff]
[    1.947272] pci 0000:00:03.0: BAR 0: assigned [io  0x1000-0x107f]
[    1.947491] pci 0000:00:01.0: BAR 0: assigned [io  0x1080-0x109f]
[    1.947681] pci 0000:00:02.0: BAR 0: assigned [io  0x10a0-0x10bf]
[    1.949441] pci 0000:00:04.0: enabling device (0000 -> 0002)
[    1.955193] virtio-pci 0000:00:01.0: enabling device (0000 -> 0003)
[    1.958190] virtio-pci 0000:00:02.0: enabling device (0000 -> 0003)
[    1.959458] virtio-pci 0000:00:03.0: enabling device (0000 -> 0003)
[    1.960974] virtio-pci 0000:00:05.0: enabling device (0000 -> 0002)
[    1.971999] random: crng init done
[    1.973309] [drm] pci: virtio-gpu-pci detected at 0000:00:05.0
[    1.974037] [drm] features: -virgl +edid -resource_blob -host_visible
[    1.977200] [drm] number of scanouts: 1
[    1.977286] [drm] number of cap sets: 0
[    1.986092] [drm] Initialized virtio_gpu 0.1.0 0 for virtio3 on minor 0
[    2.020107] virtio_gpu virtio3: [drm] drm_plane_enable_fb_damage_clips() not called
[    2.035535] Console: switching to colour frame buffer device 128x48
[    2.039609] virtio_gpu virtio3: [drm] fb0: virtio_gpudrmfb frame buffer device
[    2.042850] cacheinfo: Unable to detect cache hierarchy for CPU 0
[    2.071317] brd: module loaded
[    2.078210] virtio_blk virtio2: [vda] 176332 512-byte logical blocks (90.3 MB/86.1 MiB)
[    2.093088] xhci_hcd 0000:00:04.0: xHCI Host Controller
[    2.093576] xhci_hcd 0000:00:04.0: new USB bus registered, assigned bus number 1
[    2.099651] xhci_hcd 0000:00:04.0: hcc params 0x00087001 hci version 0x100 quirks 0x0000000000000010
[    2.103261] xhci_hcd 0000:00:04.0: xHCI Host Controller
[    2.103447] xhci_hcd 0000:00:04.0: new USB bus registered, assigned bus number 2
[    2.103710] xhci_hcd 0000:00:04.0: Host supports USB 3.0 SuperSpeed
[    2.112416] hub 1-0:1.0: USB hub found
[    2.113150] hub 1-0:1.0: 4 ports detected
[    2.117115] usb usb2: We don't know the algorithms for LPM for this host, disabling LPM.
[    2.118535] hub 2-0:1.0: USB hub found
[    2.118802] hub 2-0:1.0: 4 ports detected
[    2.123948] rtc-pl031 9010000.pl031: registered as rtc0
[    2.124595] rtc-pl031 9010000.pl031: setting system clock to 2024-04-30T17:50:43 UTC (1714499443)
[    2.127361] device-mapper: ioctl: 4.45.0-ioctl (2021-03-22) initialised: dm-devel@redhat.com
[    2.132496] usbcore: registered new interface driver usbhid
[    2.132694] usbhid: USB HID core driver
[    2.133486] u32 classifier
[    2.133572]     input device check on
[    2.133664]     Actions configured
[    2.135877] NET: Registered PF_INET6 protocol family
[    2.145030] Segment Routing with IPv6
[    2.145277] In-situ OAM (IOAM) with IPv6
[    2.146315] sit: IPv6, IPv4 and MPLS over IPv4 tunneling driver
[    2.148772] NET: Registered PF_PACKET protocol family
[    2.149568] Bridge firewalling registered
[    2.150565] Key type dns_resolver registered
[    2.151134] NET: Registered PF_VSOCK protocol family
[    2.153317] Key type .fscrypt registered
[    2.153405] Key type fscrypt-provisioning registered
[    2.157322] Btrfs loaded, crc32c=crc32c-generic, zoned=no, fsverity=no
[    2.172814] Key type encrypted registered
[    2.175537] printk: console [netcon0] enabled
[    2.175705] netconsole: network logging started
[    2.214107] Sending DHCP requests ., OK
[    2.230474] IP-Config: Got DHCP answer from 10.0.2.2, my address is 10.0.2.15
[    2.231081] IP-Config: Complete:
[    2.231175]      device=eth0, hwaddr=52:54:00:12:35:02, ipaddr=10.0.2.15, mask=255.255.255.0, gw=10.0.2.2
[    2.231465]      host=10.0.2.15, domain=, nis-domain=(none)
[    2.231586]      bootserver=10.0.2.2, rootserver=10.0.2.2, rootpath=
[    2.231624]      nameserver0=10.0.2.3
[    2.240606] md: Waiting for all devices to be available before autodetect
[    2.240737] md: If you don't use raid, use raid=noautodetect
[    2.240892] md: Autodetecting RAID arrays.
[    2.241003] md: autorun ...
[    2.241094] md: ... autorun DONE.
[    2.295743] EXT4-fs (vda): recovery complete
[    2.297346] EXT4-fs (vda): mounted filesystem with ordered data mode. Opts: (null). Quota mode: disabled.
[    2.298063] VFS: Mounted root (ext4 filesystem) on device 253:0.
[    2.300246] devtmpfs: mounted
[    2.332867] Freeing unused kernel memory: 3648K
[    2.334013] Run /sbin/init as init process
[    2.374241] usb 1-1: new high-speed USB device number 2 using xhci_hcd
INIT: version 3.01 booting
[    2.545984] input: QEMU QEMU USB Tablet as /devices/platform/4010000000.pcie/pci0000:00/0000:00:04.0/usb1/1-1/1-1:1.0/0003:0627:0001.0001/input/input0
[    2.547398] hid-generic 0003:0627:0001.0001: input: USB HID v0.01 Mouse [QEMU QEMU USB Tablet] on usb-0000:00:04.0-1/input0
[    2.674006] usb 1-2: new high-speed USB device number 3 using xhci_hcd
[    2.831508] input: QEMU QEMU USB Keyboard as /devices/platform/4010000000.pcie/pci0000:00/0000:00:04.0/usb1/1-2/1-2:1.0/0003:0627:0001.0002/input/input1
[    2.894510] hid-generic 0003:0627:0001.0002: input: USB HID v1.11 Keyboard [QEMU QEMU USB Keyboard] on usb-0000:00:04.0-2/input0
Starting udev
still waiting for qemu to startup... last attempt returned 255 with output 
ssh: connect to host localhost port 10022: Connection refused
[    3.106286] IPv6: ADDRCONF(NETDEV_CHANGE): eth0: link becomes ready
[    3.189123] udevd[131]: starting version 3.2.10
[    3.249691] udevd[132]: starting eudev-3.2.10
[    3.654490] EXT4-fs (vda): re-mounted. Opts: (null). Quota mode: disabled.
ALSA: Restoring mixer settings...
INIT: Entering runlevel: 5
Configuring network interfaces... ip: RTNETLINK answers: File exists
Starting system message bus: dbus.
Starting OpenBSD Secure Shell server: sshd
done.
Starting rpcbind daemon...done.
Starting aesdsocket
Starting bluetooth: bluetoothd.
Starting syslogd/klogd: done
 * Starting Avahi mDNS/DNS-SD Daemon: avahi-daemon
   ...done.

Poky (Yocto Project Reference Distro) 4.0.18 qemuarm64 /dev/ttyAMA0

qemuarm64 login: still waiting for qemu to startup... last attempt returned 255 with output 
kex_exchange_identification: read: Connection reset by peer
Connection reset by 127.0.0.1 port 10022
SSH login successful, waiting 40 additional seconds for process startup
/usr/local/repository/assignment-6-MatheusOgata/assignment-autotest/test/assignment6-yocto /usr/local/repository/assignment-6-MatheusOgata /usr/local/repository/assignment-6-MatheusOgata/assignment-autotest/test/assignment6-yocto
Testing target localhost on port 9000
WARNING: tempfile is deprecated; consider using mktemp instead.
WARNING: tempfile is deprecated; consider using mktemp instead.
WARNING: tempfile is deprecated; consider using mktemp instead.
WARNING: tempfile is deprecated; consider using mktemp instead.
sending string abcdefg
WARNING: tempfile is deprecated; consider using mktemp instead.
WARNING: tempfile is deprecated; consider using mktemp instead.
WARNING: tempfile is deprecated; consider using mktemp instead.
sending string hijklmnop
WARNING: tempfile is deprecated; consider using mktemp instead.
WARNING: tempfile is deprecated; consider using mktemp instead.
WARNING: tempfile is deprecated; consider using mktemp instead.
sending string 1234567890
WARNING: tempfile is deprecated; consider using mktemp instead.
WARNING: tempfile is deprecated; consider using mktemp instead.
WARNING: tempfile is deprecated; consider using mktemp instead.
sending string 9876543210

Spawning three processes to ensure multithreaded writes work as expected
Process 1 writes One best book is equal to a hundred good friends, but one good friend is equal to a library
Process 2 writes If you want to shine like a sun, first burn like a sun
Process 3 writes Never stop fighting until you arrive at your destined place - that is, the unique you
Sending string If you want to shine like a sun, first burn like a sun from process 1: instance 1
Sending string If you want to shine like a sun, first burn like a sun from process 2: instance 1
Waiting for sends to compete on all processes
Sending string Never stop fighting until you arrive at your destined place - that is, the unique you from process 3: instance 1
Sending string If you want to shine like a sun, first burn like a sun from process 1: instance 2
Sending string If you want to shine like a sun, first burn like a sun from process 2: instance 2
Sending string Never stop fighting until you arrive at your destined place - that is, the unique you from process 3: instance 2
Sending string If you want to shine like a sun, first burn like a sun from process 1: instance 3
Sending string If you want to shine like a sun, first burn like a sun from process 2: instance 3
Sending string Never stop fighting until you arrive at your destined place - that is, the unique you from process 3: instance 3
Process 1 complete
Process 2 complete
Process 3 complete
WARNING: tempfile is deprecated; consider using mktemp instead.
multithreaded test complete with success

Testing the timer functionality
WARNING: tempfile is deprecated; consider using mktemp instead.
No of timestamps currently in server file: 5
No of timestamps expected after a delay of 21 seconds is 7
No of timestamps found in file: 7
Congrats! Tests completed with success
/usr/local/repository/assignment-6-MatheusOgata /usr/local/repository/assignment-6-MatheusOgata/assignment-autotest/test/assignment6-yocto
Killing qemu
/usr/local/repository/assignment-6-MatheusOgata/assignment-autotest/test/assignment6-yocto
Test of assignment assignment6-yocto complete with success
runqemu - INFO - Cleaning up
runqemu - INFO - Host uptime: 8006.84

[?7h